<?xml version="1.0" encoding="UTF-8"?>
<TestRun id="97ea7816-0ffd-4977-b95d-a92d66e94ddd" name="Kosta@HOME-PC 2011-11-20 17:13:48" runUser="Home-PC\Kosta" xmlns="http://microsoft.com/schemas/VisualStudio/TeamTest/2010">
  <TestSettings name="Local" id="6b4d2539-3977-40f1-a3a3-101031a57b69">
    <Description>These are default test settings for a local test run.</Description>
    <Deployment enabled="false" runDeploymentRoot="Kosta_HOME-PC 2011-11-20 17_13_48">
      <DeploymentItem filename="C:\Users\Kosta\documents\visual studio 2010\Projects\SportsStore\SportsStore.Web\bin\SportsStore.Web.dll" />
      <DeploymentItem filename="C:\Users\Kosta\documents\visual studio 2010\Projects\SportsStore\SportsStore.Domain\bin\Debug\SportsStore.Domain.dll" />
      <DeploymentItem filename="C:\Users\Kosta\documents\visual studio 2010\Projects\SportsStore\packages\EntityFramework.4.2.0.0\lib\net40\EntityFramework.dll" />
      <DeploymentItem filename="C:\Users\Kosta\documents\visual studio 2010\Projects\SportsStore\packages\Ninject.2.2.1.4\lib\net40-Full\Ninject.dll" />
      <DeploymentItem filename="C:\Users\Kosta\documents\visual studio 2010\Projects\SportsStore\packages\Moq.4.0.10827\lib\NET40\Moq.dll" />
    </Deployment>
    <Execution>
      <TestTypeSpecific />
      <AgentRule name="Execution Agents">
      </AgentRule>
    </Execution>
  </TestSettings>
  <Times creation="2011-11-20T17:13:48.0430442+02:00" queuing="2011-11-20T17:13:56.0425018+02:00" start="2011-11-20T17:13:56.3515195+02:00" finish="2011-11-20T17:14:00.6877675+02:00" />
  <ResultSummary outcome="Completed">
    <Counters total="12" executed="12" passed="12" error="0" failed="0" timeout="0" aborted="0" inconclusive="0" passedButRunAborted="0" notRunnable="0" notExecuted="0" disconnected="0" warning="0" completed="0" inProgress="0" pending="0" />
  </ResultSummary>
  <TestDefinitions>
    <UnitTest name="Can_Create_Categories" storage="c:\users\kosta\documents\visual studio 2010\projects\sportsstore\testproject\bin\debug\testproject.dll" id="0cb5b478-5254-7616-070f-e795a51b883d">
      <Execution id="0296519d-cabe-4b1d-b96c-52d4d5b4bc77" />
      <TestMethod codeBase="C:/Users/Kosta/documents/visual studio 2010/Projects/SportsStore/TestProject/bin/Debug/TestProject.DLL" adapterTypeName="Microsoft.VisualStudio.TestTools.TestTypes.Unit.UnitTestAdapter, Microsoft.VisualStudio.QualityTools.Tips.UnitTest.Adapter, Version=10.0.0.0, Culture=neutral, PublicKeyToken=b03f5f7f11d50a3a" className="TestProject.NavControllerTest, TestProject, Version=1.0.0.0, Culture=neutral, PublicKeyToken=null" name="Can_Create_Categories" />
    </UnitTest>
    <UnitTest name="Indicates_Selected_Category" storage="c:\users\kosta\documents\visual studio 2010\projects\sportsstore\testproject\bin\debug\testproject.dll" id="bef07fca-7e1e-3976-d915-e8430b42bc8a">
      <Execution id="388b5236-385b-43f9-ab75-cf0db3066501" />
      <TestMethod codeBase="C:/Users/Kosta/documents/visual studio 2010/Projects/SportsStore/TestProject/bin/Debug/TestProject.DLL" adapterTypeName="Microsoft.VisualStudio.TestTools.TestTypes.Unit.UnitTestAdapter, Microsoft.VisualStudio.QualityTools.Tips.UnitTest.Adapter, Version=10.0.0.0, Culture=neutral, PublicKeyToken=b03f5f7f11d50a3a" className="TestProject.NavControllerTest, TestProject, Version=1.0.0.0, Culture=neutral, PublicKeyToken=null" name="Indicates_Selected_Category" />
    </UnitTest>
    <UnitTest name="Can_Remove_Line" storage="c:\users\kosta\documents\visual studio 2010\projects\sportsstore\testproject\bin\debug\testproject.dll" id="0f60ecca-be61-57e1-cb4f-1fb331bae42b">
      <Execution id="4ec13d65-40ba-49c2-a3d5-5a4569d8584d" />
      <TestMethod codeBase="C:/Users/Kosta/documents/visual studio 2010/Projects/SportsStore/TestProject/bin/Debug/TestProject.DLL" adapterTypeName="Microsoft.VisualStudio.TestTools.TestTypes.Unit.UnitTestAdapter, Microsoft.VisualStudio.QualityTools.Tips.UnitTest.Adapter, Version=10.0.0.0, Culture=neutral, PublicKeyToken=b03f5f7f11d50a3a" className="TestProject.CartTest, TestProject, Version=1.0.0.0, Culture=neutral, PublicKeyToken=null" name="Can_Remove_Line" />
    </UnitTest>
    <UnitTest name="Calculate_Cart_Total" storage="c:\users\kosta\documents\visual studio 2010\projects\sportsstore\testproject\bin\debug\testproject.dll" id="9c24481d-b90d-7f79-16d5-25da1d9ff1d4">
      <Execution id="81265729-341f-457f-bc57-ef43fc4bf7b8" />
      <TestMethod codeBase="C:/Users/Kosta/documents/visual studio 2010/Projects/SportsStore/TestProject/bin/Debug/TestProject.DLL" adapterTypeName="Microsoft.VisualStudio.TestTools.TestTypes.Unit.UnitTestAdapter, Microsoft.VisualStudio.QualityTools.Tips.UnitTest.Adapter, Version=10.0.0.0, Culture=neutral, PublicKeyToken=b03f5f7f11d50a3a" className="TestProject.CartTest, TestProject, Version=1.0.0.0, Culture=neutral, PublicKeyToken=null" name="Calculate_Cart_Total" />
    </UnitTest>
    <UnitTest name="Can_Filter_Products" storage="c:\users\kosta\documents\visual studio 2010\projects\sportsstore\testproject\bin\debug\testproject.dll" id="413f9b94-54a4-cab3-6879-573f49f25c81">
      <Execution id="26c8a039-807e-4656-9623-7694aa790d36" />
      <TestMethod codeBase="C:/Users/Kosta/documents/visual studio 2010/Projects/SportsStore/TestProject/bin/Debug/TestProject.DLL" adapterTypeName="Microsoft.VisualStudio.TestTools.TestTypes.Unit.UnitTestAdapter, Microsoft.VisualStudio.QualityTools.Tips.UnitTest.Adapter, Version=10.0.0.0, Culture=neutral, PublicKeyToken=b03f5f7f11d50a3a" className="TestProject.ProductControllerTest, TestProject, Version=1.0.0.0, Culture=neutral, PublicKeyToken=null" name="Can_Filter_Products" />
    </UnitTest>
    <UnitTest name="Generate_Category_Specific_Product_Count" storage="c:\users\kosta\documents\visual studio 2010\projects\sportsstore\testproject\bin\debug\testproject.dll" id="9593ef3a-dde1-be0d-3ff0-3423d8965a56">
      <Execution id="927e033c-56ef-49e4-9e38-7abb9fad56e2" />
      <TestMethod codeBase="C:/Users/Kosta/documents/visual studio 2010/Projects/SportsStore/TestProject/bin/Debug/TestProject.DLL" adapterTypeName="Microsoft.VisualStudio.TestTools.TestTypes.Unit.UnitTestAdapter, Microsoft.VisualStudio.QualityTools.Tips.UnitTest.Adapter, Version=10.0.0.0, Culture=neutral, PublicKeyToken=b03f5f7f11d50a3a" className="TestProject.ProductControllerTest, TestProject, Version=1.0.0.0, Culture=neutral, PublicKeyToken=null" name="Generate_Category_Specific_Product_Count" />
    </UnitTest>
    <UnitTest name="Can_Add_New_Lines" storage="c:\users\kosta\documents\visual studio 2010\projects\sportsstore\testproject\bin\debug\testproject.dll" id="fe198f7d-e684-c4d4-52a4-6966075a85b3">
      <Execution id="2ccc7a87-52a1-42aa-a25b-88dcb49b3b85" />
      <TestMethod codeBase="C:/Users/Kosta/documents/visual studio 2010/Projects/SportsStore/TestProject/bin/Debug/TestProject.DLL" adapterTypeName="Microsoft.VisualStudio.TestTools.TestTypes.Unit.UnitTestAdapter, Microsoft.VisualStudio.QualityTools.Tips.UnitTest.Adapter, Version=10.0.0.0, Culture=neutral, PublicKeyToken=b03f5f7f11d50a3a" className="TestProject.CartTest, TestProject, Version=1.0.0.0, Culture=neutral, PublicKeyToken=null" name="Can_Add_New_Lines" />
    </UnitTest>
    <UnitTest name="Can_Clear_Contents" storage="c:\users\kosta\documents\visual studio 2010\projects\sportsstore\testproject\bin\debug\testproject.dll" id="4b5571c0-ca35-f72b-da3b-d46af88052e5">
      <Execution id="2ee8a848-8efa-4e47-b3ce-b66dda8ed595" />
      <TestMethod codeBase="C:/Users/Kosta/documents/visual studio 2010/Projects/SportsStore/TestProject/bin/Debug/TestProject.DLL" adapterTypeName="Microsoft.VisualStudio.TestTools.TestTypes.Unit.UnitTestAdapter, Microsoft.VisualStudio.QualityTools.Tips.UnitTest.Adapter, Version=10.0.0.0, Culture=neutral, PublicKeyToken=b03f5f7f11d50a3a" className="TestProject.CartTest, TestProject, Version=1.0.0.0, Culture=neutral, PublicKeyToken=null" name="Can_Clear_Contents" />
    </UnitTest>
    <UnitTest name="Can_Add_Quantity_For_Existing_Lines" storage="c:\users\kosta\documents\visual studio 2010\projects\sportsstore\testproject\bin\debug\testproject.dll" id="b1f82c7a-d70b-4709-81f8-f6664af7e2f4">
      <Execution id="e9616d5b-de9c-4ec0-97b7-8c70cb7713e0" />
      <TestMethod codeBase="C:/Users/Kosta/documents/visual studio 2010/Projects/SportsStore/TestProject/bin/Debug/TestProject.DLL" adapterTypeName="Microsoft.VisualStudio.TestTools.TestTypes.Unit.UnitTestAdapter, Microsoft.VisualStudio.QualityTools.Tips.UnitTest.Adapter, Version=10.0.0.0, Culture=neutral, PublicKeyToken=b03f5f7f11d50a3a" className="TestProject.CartTest, TestProject, Version=1.0.0.0, Culture=neutral, PublicKeyToken=null" name="Can_Add_Quantity_For_Existing_Lines" />
    </UnitTest>
    <UnitTest name="Can_Paginate" storage="c:\users\kosta\documents\visual studio 2010\projects\sportsstore\testproject\bin\debug\testproject.dll" id="44d22dc1-35a6-1149-009f-87571ff575a9">
      <Execution id="21b9909a-adb0-434c-a040-08753a6dcecc" />
      <TestMethod codeBase="C:/Users/Kosta/documents/visual studio 2010/Projects/SportsStore/TestProject/bin/Debug/TestProject.DLL" adapterTypeName="Microsoft.VisualStudio.TestTools.TestTypes.Unit.UnitTestAdapter, Microsoft.VisualStudio.QualityTools.Tips.UnitTest.Adapter, Version=10.0.0.0, Culture=neutral, PublicKeyToken=b03f5f7f11d50a3a" className="TestProject.ProductControllerTest, TestProject, Version=1.0.0.0, Culture=neutral, PublicKeyToken=null" name="Can_Paginate" />
    </UnitTest>
    <UnitTest name="Can_Send_Pagination_View_Model" storage="c:\users\kosta\documents\visual studio 2010\projects\sportsstore\testproject\bin\debug\testproject.dll" id="2fa75a5b-7ffd-54e8-ff9a-f61a52ca14ed">
      <Execution id="90689ed6-df02-42ca-b480-f89d025149e9" />
      <TestMethod codeBase="C:/Users/Kosta/documents/visual studio 2010/Projects/SportsStore/TestProject/bin/Debug/TestProject.DLL" adapterTypeName="Microsoft.VisualStudio.TestTools.TestTypes.Unit.UnitTestAdapter, Microsoft.VisualStudio.QualityTools.Tips.UnitTest.Adapter, Version=10.0.0.0, Culture=neutral, PublicKeyToken=b03f5f7f11d50a3a" className="TestProject.ProductControllerTest, TestProject, Version=1.0.0.0, Culture=neutral, PublicKeyToken=null" name="Can_Send_Pagination_View_Model" />
    </UnitTest>
    <UnitTest name="PageLinksTest" storage="c:\users\kosta\documents\visual studio 2010\projects\sportsstore\testproject\bin\debug\testproject.dll" id="53f91f96-8ba4-99c7-4d00-29637dc00037">
      <Execution id="a3106e5a-78fc-4305-9313-2ef6c4c1ad56" />
      <TestMethod codeBase="C:/Users/Kosta/documents/visual studio 2010/Projects/SportsStore/TestProject/bin/Debug/TestProject.DLL" adapterTypeName="Microsoft.VisualStudio.TestTools.TestTypes.Unit.UnitTestAdapter, Microsoft.VisualStudio.QualityTools.Tips.UnitTest.Adapter, Version=10.0.0.0, Culture=neutral, PublicKeyToken=b03f5f7f11d50a3a" className="TestProject.PagingHelpersTest, TestProject, Version=1.0.0.0, Culture=neutral, PublicKeyToken=null" name="PageLinksTest" />
    </UnitTest>
  </TestDefinitions>
  <TestLists>
    <TestList name="Results Not in a List" id="8c84fa94-04c1-424b-9868-57a2d4851a1d" />
    <TestList name="All Loaded Results" id="19431567-8539-422a-85d7-44ee4e166bda" />
  </TestLists>
  <TestEntries>
    <TestEntry testId="0cb5b478-5254-7616-070f-e795a51b883d" executionId="0296519d-cabe-4b1d-b96c-52d4d5b4bc77" testListId="8c84fa94-04c1-424b-9868-57a2d4851a1d" />
    <TestEntry testId="0f60ecca-be61-57e1-cb4f-1fb331bae42b" executionId="4ec13d65-40ba-49c2-a3d5-5a4569d8584d" testListId="8c84fa94-04c1-424b-9868-57a2d4851a1d" />
    <TestEntry testId="2fa75a5b-7ffd-54e8-ff9a-f61a52ca14ed" executionId="90689ed6-df02-42ca-b480-f89d025149e9" testListId="8c84fa94-04c1-424b-9868-57a2d4851a1d" />
    <TestEntry testId="413f9b94-54a4-cab3-6879-573f49f25c81" executionId="26c8a039-807e-4656-9623-7694aa790d36" testListId="8c84fa94-04c1-424b-9868-57a2d4851a1d" />
    <TestEntry testId="44d22dc1-35a6-1149-009f-87571ff575a9" executionId="21b9909a-adb0-434c-a040-08753a6dcecc" testListId="8c84fa94-04c1-424b-9868-57a2d4851a1d" />
    <TestEntry testId="4b5571c0-ca35-f72b-da3b-d46af88052e5" executionId="2ee8a848-8efa-4e47-b3ce-b66dda8ed595" testListId="8c84fa94-04c1-424b-9868-57a2d4851a1d" />
    <TestEntry testId="53f91f96-8ba4-99c7-4d00-29637dc00037" executionId="a3106e5a-78fc-4305-9313-2ef6c4c1ad56" testListId="8c84fa94-04c1-424b-9868-57a2d4851a1d" />
    <TestEntry testId="9593ef3a-dde1-be0d-3ff0-3423d8965a56" executionId="927e033c-56ef-49e4-9e38-7abb9fad56e2" testListId="8c84fa94-04c1-424b-9868-57a2d4851a1d" />
    <TestEntry testId="9c24481d-b90d-7f79-16d5-25da1d9ff1d4" executionId="81265729-341f-457f-bc57-ef43fc4bf7b8" testListId="8c84fa94-04c1-424b-9868-57a2d4851a1d" />
    <TestEntry testId="b1f82c7a-d70b-4709-81f8-f6664af7e2f4" executionId="e9616d5b-de9c-4ec0-97b7-8c70cb7713e0" testListId="8c84fa94-04c1-424b-9868-57a2d4851a1d" />
    <TestEntry testId="bef07fca-7e1e-3976-d915-e8430b42bc8a" executionId="388b5236-385b-43f9-ab75-cf0db3066501" testListId="8c84fa94-04c1-424b-9868-57a2d4851a1d" />
    <TestEntry testId="fe198f7d-e684-c4d4-52a4-6966075a85b3" executionId="2ccc7a87-52a1-42aa-a25b-88dcb49b3b85" testListId="8c84fa94-04c1-424b-9868-57a2d4851a1d" />
  </TestEntries>
  <Results>
    <UnitTestResult executionId="0296519d-cabe-4b1d-b96c-52d4d5b4bc77" testId="0cb5b478-5254-7616-070f-e795a51b883d" testName="Can_Create_Categories" computerName="HOME-PC" duration="00:00:02.2348192" startTime="2011-11-20T17:13:56.4835270+02:00" endTime="2011-11-20T17:13:59.8807213+02:00" testType="13cdc9d9-ddb5-4fa4-a97d-d965ccfc6d4b" outcome="Passed" testListId="8c84fa94-04c1-424b-9868-57a2d4851a1d" relativeResultsDirectory="0296519d-cabe-4b1d-b96c-52d4d5b4bc77">
    </UnitTestResult>
    <UnitTestResult executionId="4ec13d65-40ba-49c2-a3d5-5a4569d8584d" testId="0f60ecca-be61-57e1-cb4f-1fb331bae42b" testName="Can_Remove_Line" computerName="HOME-PC" duration="00:00:00.0052442" startTime="2011-11-20T17:13:59.8837215+02:00" endTime="2011-11-20T17:13:59.9047227+02:00" testType="13cdc9d9-ddb5-4fa4-a97d-d965ccfc6d4b" outcome="Passed" testListId="8c84fa94-04c1-424b-9868-57a2d4851a1d" relativeResultsDirectory="4ec13d65-40ba-49c2-a3d5-5a4569d8584d">
    </UnitTestResult>
    <UnitTestResult executionId="90689ed6-df02-42ca-b480-f89d025149e9" testId="2fa75a5b-7ffd-54e8-ff9a-f61a52ca14ed" testName="Can_Send_Pagination_View_Model" computerName="HOME-PC" duration="00:00:00.0256222" startTime="2011-11-20T17:13:59.9107230+02:00" endTime="2011-11-20T17:13:59.9437249+02:00" testType="13cdc9d9-ddb5-4fa4-a97d-d965ccfc6d4b" outcome="Passed" testListId="8c84fa94-04c1-424b-9868-57a2d4851a1d" relativeResultsDirectory="90689ed6-df02-42ca-b480-f89d025149e9">
    </UnitTestResult>
    <UnitTestResult executionId="26c8a039-807e-4656-9623-7694aa790d36" testId="413f9b94-54a4-cab3-6879-573f49f25c81" testName="Can_Filter_Products" computerName="HOME-PC" duration="00:00:00.0215277" startTime="2011-11-20T17:13:59.9467251+02:00" endTime="2011-11-20T17:13:59.9737266+02:00" testType="13cdc9d9-ddb5-4fa4-a97d-d965ccfc6d4b" outcome="Passed" testListId="8c84fa94-04c1-424b-9868-57a2d4851a1d" relativeResultsDirectory="26c8a039-807e-4656-9623-7694aa790d36">
    </UnitTestResult>
    <UnitTestResult executionId="21b9909a-adb0-434c-a040-08753a6dcecc" testId="44d22dc1-35a6-1149-009f-87571ff575a9" testName="Can_Paginate" computerName="HOME-PC" duration="00:00:00.0059224" startTime="2011-11-20T17:13:59.9787269+02:00" endTime="2011-11-20T17:13:59.9897275+02:00" testType="13cdc9d9-ddb5-4fa4-a97d-d965ccfc6d4b" outcome="Passed" testListId="8c84fa94-04c1-424b-9868-57a2d4851a1d" relativeResultsDirectory="21b9909a-adb0-434c-a040-08753a6dcecc">
    </UnitTestResult>
    <UnitTestResult executionId="2ee8a848-8efa-4e47-b3ce-b66dda8ed595" testId="4b5571c0-ca35-f72b-da3b-d46af88052e5" testName="Can_Clear_Contents" computerName="HOME-PC" duration="00:00:00.0009683" startTime="2011-11-20T17:13:59.9947278+02:00" endTime="2011-11-20T17:14:00.0017282+02:00" testType="13cdc9d9-ddb5-4fa4-a97d-d965ccfc6d4b" outcome="Passed" testListId="8c84fa94-04c1-424b-9868-57a2d4851a1d" relativeResultsDirectory="2ee8a848-8efa-4e47-b3ce-b66dda8ed595">
    </UnitTestResult>
    <UnitTestResult executionId="a3106e5a-78fc-4305-9313-2ef6c4c1ad56" testId="53f91f96-8ba4-99c7-4d00-29637dc00037" testName="PageLinksTest" computerName="HOME-PC" duration="00:00:00.3496123" startTime="2011-11-20T17:14:00.0037283+02:00" endTime="2011-11-20T17:14:00.3607488+02:00" testType="13cdc9d9-ddb5-4fa4-a97d-d965ccfc6d4b" outcome="Passed" testListId="8c84fa94-04c1-424b-9868-57a2d4851a1d" relativeResultsDirectory="a3106e5a-78fc-4305-9313-2ef6c4c1ad56">
    </UnitTestResult>
    <UnitTestResult executionId="927e033c-56ef-49e4-9e38-7abb9fad56e2" testId="9593ef3a-dde1-be0d-3ff0-3423d8965a56" testName="Generate_Category_Specific_Product_Count" computerName="HOME-PC" duration="00:00:00.0107970" startTime="2011-11-20T17:14:00.3667491+02:00" endTime="2011-11-20T17:14:00.3897504+02:00" testType="13cdc9d9-ddb5-4fa4-a97d-d965ccfc6d4b" outcome="Passed" testListId="8c84fa94-04c1-424b-9868-57a2d4851a1d" relativeResultsDirectory="927e033c-56ef-49e4-9e38-7abb9fad56e2">
    </UnitTestResult>
    <UnitTestResult executionId="81265729-341f-457f-bc57-ef43fc4bf7b8" testId="9c24481d-b90d-7f79-16d5-25da1d9ff1d4" testName="Calculate_Cart_Total" computerName="HOME-PC" duration="00:00:00.1408874" startTime="2011-11-20T17:14:00.3917505+02:00" endTime="2011-11-20T17:14:00.5407591+02:00" testType="13cdc9d9-ddb5-4fa4-a97d-d965ccfc6d4b" outcome="Passed" testListId="8c84fa94-04c1-424b-9868-57a2d4851a1d" relativeResultsDirectory="81265729-341f-457f-bc57-ef43fc4bf7b8">
    </UnitTestResult>
    <UnitTestResult executionId="e9616d5b-de9c-4ec0-97b7-8c70cb7713e0" testId="b1f82c7a-d70b-4709-81f8-f6664af7e2f4" testName="Can_Add_Quantity_For_Existing_Lines" computerName="HOME-PC" duration="00:00:00.0027641" startTime="2011-11-20T17:14:00.5477595+02:00" endTime="2011-11-20T17:14:00.5587601+02:00" testType="13cdc9d9-ddb5-4fa4-a97d-d965ccfc6d4b" outcome="Passed" testListId="8c84fa94-04c1-424b-9868-57a2d4851a1d" relativeResultsDirectory="e9616d5b-de9c-4ec0-97b7-8c70cb7713e0">
    </UnitTestResult>
    <UnitTestResult executionId="388b5236-385b-43f9-ab75-cf0db3066501" testId="bef07fca-7e1e-3976-d915-e8430b42bc8a" testName="Indicates_Selected_Category" computerName="HOME-PC" duration="00:00:00.0255736" startTime="2011-11-20T17:14:00.5637604+02:00" endTime="2011-11-20T17:14:00.5957622+02:00" testType="13cdc9d9-ddb5-4fa4-a97d-d965ccfc6d4b" outcome="Passed" testListId="8c84fa94-04c1-424b-9868-57a2d4851a1d" relativeResultsDirectory="388b5236-385b-43f9-ab75-cf0db3066501">
    </UnitTestResult>
    <UnitTestResult executionId="2ccc7a87-52a1-42aa-a25b-88dcb49b3b85" testId="fe198f7d-e684-c4d4-52a4-6966075a85b3" testName="Can_Add_New_Lines" computerName="HOME-PC" duration="00:00:00.0007965" startTime="2011-11-20T17:14:00.6007625+02:00" endTime="2011-11-20T17:14:00.6067628+02:00" testType="13cdc9d9-ddb5-4fa4-a97d-d965ccfc6d4b" outcome="Passed" testListId="8c84fa94-04c1-424b-9868-57a2d4851a1d" relativeResultsDirectory="2ccc7a87-52a1-42aa-a25b-88dcb49b3b85">
    </UnitTestResult>
  </Results>
</TestRun>