<?xml version="1.0" encoding="UTF-8"?>
<TestRun id="f29bc33c-94ed-4bf7-98e0-3a443a9cb085" name="Kosta@HOME-PC 2011-11-19 15:50:11" runUser="Home-PC\Kosta" xmlns="http://microsoft.com/schemas/VisualStudio/TeamTest/2010">
  <TestSettings name="Local" id="6b4d2539-3977-40f1-a3a3-101031a57b69">
    <Description>These are default test settings for a local test run.</Description>
    <Deployment enabled="false" runDeploymentRoot="Kosta_HOME-PC 2011-11-19 15_50_11">
      <DeploymentItem filename="C:\Users\Kosta\documents\visual studio 2010\Projects\SportsStore\SportsStore.Web\bin\SportsStore.Web.dll" />
      <DeploymentItem filename="C:\Users\Kosta\documents\visual studio 2010\Projects\SportsStore\packages\Ninject.2.2.1.4\lib\net40-Full\Ninject.dll" />
      <DeploymentItem filename="C:\Users\Kosta\documents\visual studio 2010\Projects\SportsStore\packages\EntityFramework.4.2.0.0\lib\net40\EntityFramework.dll" />
      <DeploymentItem filename="C:\Users\Kosta\documents\visual studio 2010\Projects\SportsStore\SportsStore.Domain\bin\Debug\SportsStore.Domain.dll" />
      <DeploymentItem filename="C:\Users\Kosta\documents\visual studio 2010\Projects\SportsStore\packages\Moq.4.0.10827\lib\NET40\Moq.dll" />
    </Deployment>
    <Execution>
      <TestTypeSpecific />
      <AgentRule name="Execution Agents">
      </AgentRule>
    </Execution>
  </TestSettings>
  <Times creation="2011-11-19T15:50:11.0260369+02:00" queuing="2011-11-19T15:50:11.4520613+02:00" start="2011-11-19T15:50:11.5430665+02:00" finish="2011-11-19T15:50:13.3891721+02:00" />
  <ResultSummary outcome="Failed">
    <Counters total="3" executed="3" passed="2" error="0" failed="1" timeout="0" aborted="0" inconclusive="0" passedButRunAborted="0" notRunnable="0" notExecuted="0" disconnected="0" warning="0" completed="0" inProgress="0" pending="0" />
  </ResultSummary>
  <TestDefinitions>
    <UnitTest name="PageLinksTest" storage="c:\users\kosta\documents\visual studio 2010\projects\sportsstore\testproject\bin\debug\testproject.dll" id="53f91f96-8ba4-99c7-4d00-29637dc00037">
      <Execution id="83d9a0e2-ef13-47db-90d8-58cad9b72f16" />
      <TestMethod codeBase="C:/Users/Kosta/documents/visual studio 2010/Projects/SportsStore/TestProject/bin/Debug/TestProject.DLL" adapterTypeName="Microsoft.VisualStudio.TestTools.TestTypes.Unit.UnitTestAdapter, Microsoft.VisualStudio.QualityTools.Tips.UnitTest.Adapter, Version=10.0.0.0, Culture=neutral, PublicKeyToken=b03f5f7f11d50a3a" className="TestProject.PagingHelpersTest, TestProject, Version=1.0.0.0, Culture=neutral, PublicKeyToken=null" name="PageLinksTest" />
    </UnitTest>
    <UnitTest name="Can_Send_Pagination_View_Model" storage="c:\users\kosta\documents\visual studio 2010\projects\sportsstore\testproject\bin\debug\testproject.dll" id="2fa75a5b-7ffd-54e8-ff9a-f61a52ca14ed">
      <Execution id="b26e4cb1-89f1-4842-a216-8e654272c502" />
      <TestMethod codeBase="C:/Users/Kosta/documents/visual studio 2010/Projects/SportsStore/TestProject/bin/Debug/TestProject.DLL" adapterTypeName="Microsoft.VisualStudio.TestTools.TestTypes.Unit.UnitTestAdapter, Microsoft.VisualStudio.QualityTools.Tips.UnitTest.Adapter, Version=10.0.0.0, Culture=neutral, PublicKeyToken=b03f5f7f11d50a3a" className="TestProject.ProductControllerTest, TestProject, Version=1.0.0.0, Culture=neutral, PublicKeyToken=null" name="Can_Send_Pagination_View_Model" />
    </UnitTest>
    <UnitTest name="Can_Paginate" storage="c:\users\kosta\documents\visual studio 2010\projects\sportsstore\testproject\bin\debug\testproject.dll" id="44d22dc1-35a6-1149-009f-87571ff575a9">
      <Execution id="2fbeb9a6-9ef1-4747-ab52-0cf2d39b9e38" />
      <TestMethod codeBase="C:/Users/Kosta/documents/visual studio 2010/Projects/SportsStore/TestProject/bin/Debug/TestProject.DLL" adapterTypeName="Microsoft.VisualStudio.TestTools.TestTypes.Unit.UnitTestAdapter, Microsoft.VisualStudio.QualityTools.Tips.UnitTest.Adapter, Version=10.0.0.0, Culture=neutral, PublicKeyToken=b03f5f7f11d50a3a" className="TestProject.ProductControllerTest, TestProject, Version=1.0.0.0, Culture=neutral, PublicKeyToken=null" name="Can_Paginate" />
    </UnitTest>
  </TestDefinitions>
  <TestLists>
    <TestList name="Results Not in a List" id="8c84fa94-04c1-424b-9868-57a2d4851a1d" />
    <TestList name="All Loaded Results" id="19431567-8539-422a-85d7-44ee4e166bda" />
  </TestLists>
  <TestEntries>
    <TestEntry testId="2fa75a5b-7ffd-54e8-ff9a-f61a52ca14ed" executionId="b26e4cb1-89f1-4842-a216-8e654272c502" testListId="8c84fa94-04c1-424b-9868-57a2d4851a1d" />
    <TestEntry testId="44d22dc1-35a6-1149-009f-87571ff575a9" executionId="2fbeb9a6-9ef1-4747-ab52-0cf2d39b9e38" testListId="8c84fa94-04c1-424b-9868-57a2d4851a1d" />
    <TestEntry testId="53f91f96-8ba4-99c7-4d00-29637dc00037" executionId="83d9a0e2-ef13-47db-90d8-58cad9b72f16" testListId="8c84fa94-04c1-424b-9868-57a2d4851a1d" />
  </TestEntries>
  <Results>
    <UnitTestResult executionId="b26e4cb1-89f1-4842-a216-8e654272c502" testId="2fa75a5b-7ffd-54e8-ff9a-f61a52ca14ed" testName="Can_Send_Pagination_View_Model" computerName="HOME-PC" duration="00:00:00.4294464" startTime="2011-11-19T15:50:11.5550672+02:00" endTime="2011-11-19T15:50:12.3601133+02:00" testType="13cdc9d9-ddb5-4fa4-a97d-d965ccfc6d4b" outcome="Passed" testListId="8c84fa94-04c1-424b-9868-57a2d4851a1d" relativeResultsDirectory="b26e4cb1-89f1-4842-a216-8e654272c502">
    </UnitTestResult>
    <UnitTestResult executionId="2fbeb9a6-9ef1-4747-ab52-0cf2d39b9e38" testId="44d22dc1-35a6-1149-009f-87571ff575a9" testName="Can_Paginate" computerName="HOME-PC" duration="00:00:00.0075894" startTime="2011-11-19T15:50:12.3641135+02:00" endTime="2011-11-19T15:50:12.3831146+02:00" testType="13cdc9d9-ddb5-4fa4-a97d-d965ccfc6d4b" outcome="Passed" testListId="8c84fa94-04c1-424b-9868-57a2d4851a1d" relativeResultsDirectory="2fbeb9a6-9ef1-4747-ab52-0cf2d39b9e38">
    </UnitTestResult>
    <UnitTestResult executionId="83d9a0e2-ef13-47db-90d8-58cad9b72f16" testId="53f91f96-8ba4-99c7-4d00-29637dc00037" testName="PageLinksTest" computerName="HOME-PC" duration="00:00:00.6461741" startTime="2011-11-19T15:50:12.3851147+02:00" endTime="2011-11-19T15:50:13.0411522+02:00" testType="13cdc9d9-ddb5-4fa4-a97d-d965ccfc6d4b" outcome="Failed" testListId="8c84fa94-04c1-424b-9868-57a2d4851a1d" relativeResultsDirectory="83d9a0e2-ef13-47db-90d8-58cad9b72f16">
      <Output>
        <ErrorInfo>
          <Message>Assert.AreEqual failed. Expected:&lt;&lt;a href="Page1"&gt;1&lt;/a&gt;&lt;a class="selected" href="Page2"&gt;2&lt;/a&gt;&lt;a href="Page3"&gt;3&lt;/a&gt;&gt;. Actual:&lt;&lt;a href="Page1"&gt;1&lt;/a&gt;&lt;a class="selected"
                            href="Page2"&gt;2&lt;/a&gt;&lt;a href="Page3"&gt;3&lt;/a&gt;&gt;. </Message>
          <StackTrace>   at TestProject.PagingHelpersTest.PageLinksTest() in C:\Users\Kosta\documents\visual studio 2010\Projects\SportsStore\TestProject\PagingHelpersTest.cs:line 33
</StackTrace>
        </ErrorInfo>
      </Output>
    </UnitTestResult>
  </Results>
</TestRun>